[demo.zytheme.com/equita/home-modern.html]
[backblue.gif]
[fade.gif]
[index.html]
[demo.zytheme.com/equita/assets/images/favicon/favicon.png]
[demo.zytheme.com/equita/assets/css/vendor.min.css]
[demo.zytheme.com/equita/assets/css/style.css]
[demo.zytheme.com/equita/assets/images/logo/logo-light.png]
[demo.zytheme.com/equita/index.html]
[demo.zytheme.com/equita/assets/images/logo/logo-dark.png]
[demo.zytheme.com/equita/home-classic.html]
[demo.zytheme.com/equita/page-about.html]
[demo.zytheme.com/equita/page-core.html]
[demo.zytheme.com/equita/page-team.html]
[demo.zytheme.com/equita/page-locations.html]
[demo.zytheme.com/equita/page-gallery.html]
[demo.zytheme.com/equita/page-awards.html]
[demo.zytheme.com/equita/page-careers.html]
[demo.zytheme.com/equita/service-warehouse.html]
[demo.zytheme.com/equita/service-air-freight.html]
[demo.zytheme.com/equita/service-ocean-freight.html]
[demo.zytheme.com/equita/service-road-freight.html]
[demo.zytheme.com/equita/service-supply.html]
[demo.zytheme.com/equita/service-packaging.html]
[demo.zytheme.com/equita/industry-retail.html]
[demo.zytheme.com/equita/industry-science.html]
[demo.zytheme.com/equita/industry-chemical.html]
[demo.zytheme.com/equita/industry-power.html]
[demo.zytheme.com/equita/industry-oil.html]
[demo.zytheme.com/equita/blog-grid-fullwidth.html]
[demo.zytheme.com/equita/industry-food.html]
[demo.zytheme.com/equita/page-our-services.html]
[demo.zytheme.com/equita/blog-single-sidebar.html]
[demo.zytheme.com/equita/case-studies-grid.html]
[demo.zytheme.com/equita/case-studies-standard.html]
[demo.zytheme.com/equita/case-study-single.html]
[demo.zytheme.com/equita/request-quote.html]
[demo.zytheme.com/equita/track-shipment.html]
[demo.zytheme.com/equita/find-location.html]
[demo.zytheme.com/equita/faqs.html]
[demo.zytheme.com/equita/contact.html]
[demo.zytheme.com/equita/assets/images/sliders/5.jpg]
[demo.zytheme.com/equita/assets/images/sliders/1.jpg]
[demo.zytheme.com/equita/assets/images/sliders/4.jpg]
[demo.zytheme.com/equita/assets/images/signature/1.png]
[demo.zytheme.com/equita/assets/images/about/2.jpg]
[demo.zytheme.com/equita/assets/images/background/pattern-red.png]
[demo.zytheme.com/equita/assets/images/counters/1.jpg]
[demo.zytheme.com/equita/assets/images/services/1.jpg]
[demo.zytheme.com/equita/assets/images/services/2.jpg]
[demo.zytheme.com/equita/assets/images/services/3.jpg]
[demo.zytheme.com/equita/assets/images/cta/1.jpg]
[demo.zytheme.com/equita/assets/images/work/grid/1.jpg]
[demo.zytheme.com/equita/assets/images/work/grid/2.jpg]
[demo.zytheme.com/equita/assets/images/work/grid/3.jpg]
[demo.zytheme.com/equita/assets/images/work/grid/4.jpg]
[demo.zytheme.com/equita/assets/images/work/grid/5.jpg]
[demo.zytheme.com/equita/assets/images/work/grid/6.jpg]
[demo.zytheme.com/equita/assets/images/clients/1.png]
[demo.zytheme.com/equita/assets/images/clients/2.png]
[demo.zytheme.com/equita/assets/images/clients/3.png]
[demo.zytheme.com/equita/assets/images/clients/4.png]
[demo.zytheme.com/equita/assets/images/clients/5.png]
[demo.zytheme.com/equita/assets/images/clients/6.png]
[demo.zytheme.com/equita/assets/images/background/1.jpg]
[demo.zytheme.com/equita/assets/images/testimonial/3.jpg]
[demo.zytheme.com/equita/assets/images/testimonial/4.jpg]
[demo.zytheme.com/equita/blog-single.html]
[demo.zytheme.com/equita/assets/images/blog/grid/1.jpg]
[demo.zytheme.com/equita/assets/images/blog/grid/2.jpg]
[demo.zytheme.com/equita/assets/images/blog/grid/3.jpg]
[demo.zytheme.com/equita/assets/js/vendor/jquery-3.4.1.min.js]
[demo.zytheme.com/cdn-cgi/scripts/5c5dd728/cloudflare-static/email-decode.min.js]
[demo.zytheme.com/equita/home-modern.html]
[demo.zytheme.com/equita/assets/js/functions.js]
[demo.zytheme.com/equita/assets/fonts/Flaticon.eot]
[demo.zytheme.com/equita/assets/js/vendor.min.js]
[demo.zytheme.com/equita/assets/fonts/Flaticond41d.eot]
[demo.zytheme.com/equita/assets/fonts/Flaticon.woff]
[demo.zytheme.com/equita/assets/fonts/Flaticon.ttf]
[demo.zytheme.com/equita/assets/fonts/Flaticon.svg]
[demo.zytheme.com/equita/assets/css/Flaticon.svg]
[demo.zytheme.com/equita/assets/fonts/fa-brands-400.eot]
[demo.zytheme.com/equita/assets/fonts/fa-brands-400.woff2]
[demo.zytheme.com/equita/assets/fonts/fa-brands-400d41d.eot]
[demo.zytheme.com/equita/assets/fonts/fa-brands-400.woff]
[demo.zytheme.com/equita/assets/fonts/fa-brands-400.ttf]
[demo.zytheme.com/equita/assets/fonts/fa-regular-400.eot]
[demo.zytheme.com/equita/assets/fonts/fa-regular-400.woff2]
[demo.zytheme.com/equita/assets/fonts/fa-regular-400d41d.eot]
[demo.zytheme.com/equita/assets/fonts/fa-brands-400.svg]
[demo.zytheme.com/equita/assets/fonts/fa-regular-400.woff]
[demo.zytheme.com/equita/assets/fonts/fa-regular-400.ttf]
[demo.zytheme.com/equita/assets/fonts/fa-regular-400.svg]
[demo.zytheme.com/equita/assets/fonts/fa-solid-900.woff2]
[demo.zytheme.com/equita/assets/fonts/fa-solid-900d41d.eot]
[demo.zytheme.com/equita/assets/fonts/fa-solid-900.woff]
[demo.zytheme.com/equita/assets/fonts/fa-solid-900.eot]
[demo.zytheme.com/equita/assets/fonts/fa-solid-900.ttf]
[demo.zytheme.com/equita/assets/css/owl.video.play.png]
[demo.zytheme.com/equita/assets/fonts/icomoon08ab.eot]
[demo.zytheme.com/equita/assets/fonts/icomoon08ab.woff]
[demo.zytheme.com/equita/assets/fonts/icomoon08ab.ttf]
[demo.zytheme.com/equita/assets/css/vendor.min.css]
[demo.zytheme.com/equita/assets/fonts/icomoon08ab.svg]
[demo.zytheme.com/equita/assets/images/sliders/arrow-left-light.png]
[demo.zytheme.com/equita/assets/fonts/fa-solid-900.svg]
[demo.zytheme.com/equita/assets/images/sliders/arrow-right-light.png]
[demo.zytheme.com/equita/assets/images/background/pattern.png]
[demo.zytheme.com/equita/assets/css/style.css]
[demo.zytheme.com/cdn-cgi/zaraz/sd0d9.js]
[demo.zytheme.com/equita/assets/images/sliders/2.jpg]
[demo.zytheme.com/equita/assets/images/sliders/3.jpg]
[demo.zytheme.com/equita/assets/images/about/1.jpg]
[demo.zytheme.com/equita/assets/images/contact/1.jpg]
[demo.zytheme.com/equita/assets/images/testimonial/5.jpg]
[demo.zytheme.com/equita/assets/images/cta/2.jpg]
[demo.zytheme.com/equita/assets/images/cta/3.jpg]
[demo.zytheme.com/equita/assets/images/work/full/1.jpg]
[demo.zytheme.com/equita/assets/images/work/full/2.jpg]
[demo.zytheme.com/equita/assets/images/work/full/3.jpg]
[demo.zytheme.com/equita/index.html]
[demo.zytheme.com/equita/assets/images/background/map-pattern.png]
[demo.zytheme.com/equita/assets/images/video/4.jpg]
[demo.zytheme.com/equita/home-classic.html]
[demo.zytheme.com/equita/assets/images/page-titles/10.jpg]
[demo.zytheme.com/equita/page-about.html]
[demo.zytheme.com/equita/assets/images/page-titles/9.jpg]
[demo.zytheme.com/equita/page-core.html]
[demo.zytheme.com/equita/assets/images/page-titles/11.jpg]
[demo.zytheme.com/equita/assets/images/team/1.jpg]
[demo.zytheme.com/equita/assets/images/team/2.jpg]
[demo.zytheme.com/equita/assets/images/team/3.jpg]
[demo.zytheme.com/equita/assets/images/team/4.jpg]
[demo.zytheme.com/equita/assets/images/team/5.jpg]
[demo.zytheme.com/equita/assets/images/team/6.jpg]
[demo.zytheme.com/equita/assets/images/team/7.jpg]
[demo.zytheme.com/equita/page-team.html]
[demo.zytheme.com/equita/assets/images/page-titles/12.jpg]
[demo.zytheme.com/equita/page-locations.html]
[demo.zytheme.com/equita/assets/images/page-titles/13.jpg]
[demo.zytheme.com/equita/assets/images/work/full/4.jpg]
[demo.zytheme.com/equita/assets/images/work/full/5.jpg]
[demo.zytheme.com/equita/assets/images/work/full/6.jpg]
[demo.zytheme.com/equita/page-gallery.html]
[demo.zytheme.com/equita/assets/images/page-titles/14.jpg]
[demo.zytheme.com/equita/assets/images/careers/1.png]
[demo.zytheme.com/equita/work-single-small-images.html]
[demo.zytheme.com/equita/assets/images/careers/2.png]
[demo.zytheme.com/equita/assets/images/careers/3.png]
[demo.zytheme.com/equita/assets/images/careers/4.png]
[demo.zytheme.com/equita/assets/images/careers/5.png]
[demo.zytheme.com/equita/assets/images/careers/6.png]
[demo.zytheme.com/equita/page-awards.html]
[demo.zytheme.com/equita/assets/images/page-titles/8.jpg]
[demo.zytheme.com/equita/page-careers.html]
[demo.zytheme.com/equita/assets/images/page-titles/17.jpg]
[demo.zytheme.com/equita/assets/images/blog/sidebar/reservation.jpg]
[demo.zytheme.com/equita/assets/images/chart/chart-2.png]
[demo.zytheme.com/equita/assets/images/video/2.jpg]
[demo.zytheme.com/equita/service-warehouse.html]
[demo.zytheme.com/equita/assets/images/page-titles/16.jpg]
[demo.zytheme.com/equita/service-air-freight.html]
[demo.zytheme.com/equita/assets/images/page-titles/15.jpg]
[demo.zytheme.com/equita/service-ocean-freight.html]
[demo.zytheme.com/equita/assets/images/page-titles/5.jpg]
[demo.zytheme.com/equita/service-road-freight.html]
[demo.zytheme.com/equita/assets/images/page-titles/4.jpg]
[demo.zytheme.com/equita/service-supply.html]
[demo.zytheme.com/equita/service-packaging.html]
[demo.zytheme.com/equita/assets/images/page-titles/6.jpg]
[demo.zytheme.com/equita/assets/images/video/3.jpg]
[demo.zytheme.com/equita/assets/images/chart/Chart-Card.jpg]
[demo.zytheme.com/equita/industry-retail.html]
[demo.zytheme.com/equita/industry-science.html]
[demo.zytheme.com/equita/industry-chemical.html]
[demo.zytheme.com/equita/industry-power.html]
[demo.zytheme.com/equita/industry-food.html]
[demo.zytheme.com/equita/industry-oil.html]
[demo.zytheme.com/equita/assets/images/page-titles/2.jpg]
[demo.zytheme.com/equita/assets/images/blog/grid/4.jpg]
[demo.zytheme.com/equita/assets/images/blog/grid/5.jpg]
[demo.zytheme.com/equita/assets/images/blog/grid/6.jpg]
[demo.zytheme.com/equita/blog-grid-fullwidth.html]
[demo.zytheme.com/equita/assets/images/page-titles/1.jpg]
[demo.zytheme.com/equita/assets/images/blog/sidebar/post-1.jpg]
[demo.zytheme.com/equita/assets/images/blog/sidebar/post-2.jpg]
[demo.zytheme.com/equita/assets/images/blog/standard/1.jpg]
[demo.zytheme.com/equita/assets/images/blog/thumb/prev.jpg]
[demo.zytheme.com/equita/assets/images/blog/thumb/next.jpg]
[demo.zytheme.com/equita/assets/images/blog/author/2.jpg]
[demo.zytheme.com/equita/assets/images/blog/author/3.jpg]
[demo.zytheme.com/equita/assets/images/blog/author/4.jpg]
[demo.zytheme.com/equita/blog-single-sidebar.html]
[demo.zytheme.com/equita/assets/images/services/4.jpg]
[demo.zytheme.com/equita/assets/images/services/5.jpg]
[demo.zytheme.com/equita/assets/images/services/6.jpg]
[demo.zytheme.com/equita/page-our-services.html]
[demo.zytheme.com/equita/assets/images/page-titles/3.jpg]
[demo.zytheme.com/equita/case-studies-grid.html]
[demo.zytheme.com/equita/case-studies-standard.html]
[demo.zytheme.com/equita/assets/images/video/1.jpg]
[demo.zytheme.com/equita/case-study-single.html]
[demo.zytheme.com/equita/assets/images/page-titles/7.jpg]
[demo.zytheme.com/equita/request-quote.html]
[demo.zytheme.com/equita/track-shipment.html]
[demo.zytheme.com/equita/find-location.html]
[demo.zytheme.com/equita/faqs.html]
[demo.zytheme.com/equita/contact.html]
[demo.zytheme.com/equita/blog-single.html]
[demo.zytheme.com/equita/assets/fonts/Flaticon.html]
[demo.zytheme.com/equita/assets/css/Flaticon.html]
[demo.zytheme.com/equita/assets/fonts/fa-brands-400.svg]
[demo.zytheme.com/equita/assets/fonts/fa-regular-400.svg]
[demo.zytheme.com/equita/assets/fonts/fa-solid-900.svg]
[demo.zytheme.com/equita/assets/css/owl.video.play.html]
[demo.zytheme.com/equita/assets/fonts/icomoon08ab.svg]
[demo.zytheme.com/equita/work-single-small-images.html]
